// Jest Snapshot v1, https://goo.gl/fbAQLP

exports[`Verify if Header Loads 1`] = `
{
  "asFragment": [Function],
  "baseElement": <body>
    <div>
      <div
        class="flex px-10 py-4 justify-between bg-purple-50"
        id="title"
        tabindex="1"
      >
        <a
          href="/"
        >
          <img
            class="h-12"
            data-testid="logo"
            src="https://uploads-ssl.webflow.com/6080464681216414c7d1d60b/6080468fecb6a579c58f35f4_hungerhub%20logo.png"
          />
        </a>
        <div
          class="flex space-x-8 cursor-pointer"
        >
          <a
            href="/search"
          >
            <span>
              Search
            </span>
          </a>
          <a
            data-testid="about"
            href="/about-us"
          >
            <span>
              AboutUs
            </span>
          </a>
          <a
            href="/search"
          >
            <span>
              Contact Us
            </span>
          </a>
          <a
            href="/cart"
          >
            <span>
              Cart - 
              1
               items
            </span>
          </a>
        </div>
      </div>
    </div>
  </body>,
  "container": <div>
    <div
      class="flex px-10 py-4 justify-between bg-purple-50"
      id="title"
      tabindex="1"
    >
      <a
        href="/"
      >
        <img
          class="h-12"
          data-testid="logo"
          src="https://uploads-ssl.webflow.com/6080464681216414c7d1d60b/6080468fecb6a579c58f35f4_hungerhub%20logo.png"
        />
      </a>
      <div
        class="flex space-x-8 cursor-pointer"
      >
        <a
          href="/search"
        >
          <span>
            Search
          </span>
        </a>
        <a
          data-testid="about"
          href="/about-us"
        >
          <span>
            AboutUs
          </span>
        </a>
        <a
          href="/search"
        >
          <span>
            Contact Us
          </span>
        </a>
        <a
          href="/cart"
        >
          <span>
            Cart - 
            1
             items
          </span>
        </a>
      </div>
    </div>
  </div>,
  "debug": [Function],
  "findAllByAltText": [Function],
  "findAllByDisplayValue": [Function],
  "findAllByLabelText": [Function],
  "findAllByPlaceholderText": [Function],
  "findAllByRole": [Function],
  "findAllByTestId": [Function],
  "findAllByText": [Function],
  "findAllByTitle": [Function],
  "findByAltText": [Function],
  "findByDisplayValue": [Function],
  "findByLabelText": [Function],
  "findByPlaceholderText": [Function],
  "findByRole": [Function],
  "findByTestId": [Function],
  "findByText": [Function],
  "findByTitle": [Function],
  "getAllByAltText": [Function],
  "getAllByDisplayValue": [Function],
  "getAllByLabelText": [Function],
  "getAllByPlaceholderText": [Function],
  "getAllByRole": [Function],
  "getAllByTestId": [Function],
  "getAllByText": [Function],
  "getAllByTitle": [Function],
  "getByAltText": [Function],
  "getByDisplayValue": [Function],
  "getByLabelText": [Function],
  "getByPlaceholderText": [Function],
  "getByRole": [Function],
  "getByTestId": [Function],
  "getByText": [Function],
  "getByTitle": [Function],
  "queryAllByAltText": [Function],
  "queryAllByDisplayValue": [Function],
  "queryAllByLabelText": [Function],
  "queryAllByPlaceholderText": [Function],
  "queryAllByRole": [Function],
  "queryAllByTestId": [Function],
  "queryAllByText": [Function],
  "queryAllByTitle": [Function],
  "queryByAltText": [Function],
  "queryByDisplayValue": [Function],
  "queryByLabelText": [Function],
  "queryByPlaceholderText": [Function],
  "queryByRole": [Function],
  "queryByTestId": [Function],
  "queryByText": [Function],
  "queryByTitle": [Function],
  "rerender": [Function],
  "unmount": [Function],
}
`;
